14:58:10 offer: 49157739 0.6671296296296296 A100_SXM4 12.8 Quebec,_CA
14:58:16 instance 51058375 on offer 49157739 (A100_SXM4 cuda<=12.8 $0.6671296296296296/h Quebec,_CA)
14:58:47 status=running ssh8.vast.ai:18374
14:59:09 binaries shipped (attempt 1)
Welcome to vast.ai. If authentication fails, try again after a few seconds, and double check your ssh key.
Have fun!
DPH=0.6671296296296296 GPU=A100_SXM4
SWEEP-START 2026-09-14T21:59:12Z host=563a6132584b
name, driver_version, clocks.max.sm [MHz], memory.total [MiB], power.limit [W]
NVIDIA A100-SXM4-40GB, 570.133.20, 1410 MHz, 40960 MiB, 400.00 W
== b01
FARM design=b01 dev="NVIDIA A100-SXM4-40GB" N=4096 cycles=3000000 block=128 secs=0.7860 agg_inst_cyc_per_s=1.5634e+10 per_inst_cyc_per_s=3.8170e+06 CHK0=A29A0B8A83930283 AGG=FC6CB993726E4288
CERT b01 MATCH A29A0B8A83930283
FARM design=b01 dev="NVIDIA A100-SXM4-40GB" N=1024 cycles=3000000 block=128 secs=0.7404 agg_inst_cyc_per_s=4.1489e+09 per_inst_cyc_per_s=4.0517e+06 CHK0=A29A0B8A83930283 AGG=D1D539CF5C49A1CA
FARM design=b01 dev="NVIDIA A100-SXM4-40GB" N=1024 cycles=3000000 block=256 secs=1.4064 agg_inst_cyc_per_s=2.1843e+09 per_inst_cyc_per_s=2.1331e+06 CHK0=A29A0B8A83930283 AGG=D1D539CF5C49A1CA
FARM design=b01 dev="NVIDIA A100-SXM4-40GB" N=4096 cycles=3000000 block=128 secs=0.7404 agg_inst_cyc_per_s=1.6596e+10 per_inst_cyc_per_s=4.0516e+06 CHK0=A29A0B8A83930283 AGG=FC6CB993726E4288
FARM design=b01 dev="NVIDIA A100-SXM4-40GB" N=4096 cycles=3000000 block=256 secs=1.4064 agg_inst_cyc_per_s=8.7373e+09 per_inst_cyc_per_s=2.1331e+06 CHK0=A29A0B8A83930283 AGG=FC6CB993726E4288
FARM design=b01 dev="NVIDIA A100-SXM4-40GB" N=16384 cycles=3000000 block=128 secs=1.4382 agg_inst_cyc_per_s=3.4177e+10 per_inst_cyc_per_s=2.0860e+06 CHK0=A29A0B8A83930283 AGG=37C4CE81B39FE554
FARM design=b01 dev="NVIDIA A100-SXM4-40GB" N=16384 cycles=3000000 block=256 secs=1.4064 agg_inst_cyc_per_s=3.4949e+10 per_inst_cyc_per_s=2.1331e+06 CHK0=A29A0B8A83930283 AGG=37C4CE81B39FE554
FARM design=b01 dev="NVIDIA A100-SXM4-40GB" N=65536 cycles=3000000 block=128 secs=3.5510 agg_inst_cyc_per_s=5.5367e+10 per_inst_cyc_per_s=8.4484e+05 CHK0=A29A0B8A83930283 AGG=7C10F94CBE72E8BB
FARM design=b01 dev="NVIDIA A100-SXM4-40GB" N=65536 cycles=3000000 block=256 secs=4.2222 agg_inst_cyc_per_s=4.6565e+10 per_inst_cyc_per_s=7.1053e+05 CHK0=A29A0B8A83930283 AGG=7C10F94CBE72E8BB
FARM design=b01 dev="NVIDIA A100-SXM4-40GB" N=262144 cycles=1065788 block=128 secs=4.7629 agg_inst_cyc_per_s=5.8660e+10 per_inst_cyc_per_s=2.2377e+05 CHK0=2A80182A02013889 AGG=626B6A4CB77D9238
FARM design=b01 dev="NVIDIA A100-SXM4-40GB" N=262144 cycles=1342620 block=256 secs=6.2968 agg_inst_cyc_per_s=5.5895e+10 per_inst_cyc_per_s=2.1322e+05 CHK0=8B8338A009089B01 AGG=D7EC39DE2AAA0EF6
FARM design=b01 dev="NVIDIA A100-SXM4-40GB" N=1048576 cycles=319833 block=128 secs=5.7074 agg_inst_cyc_per_s=5.8761e+10 per_inst_cyc_per_s=5.6039e+04 CHK0=88A0AECCAE0804E2 AGG=7D30263D663961E7
FARM design=b01 dev="NVIDIA A100-SXM4-40GB" N=1048576 cycles=336233 block=256 secs=5.9924 agg_inst_cyc_per_s=5.8835e+10 per_inst_cyc_per_s=5.6110e+04 CHK0=260408E408A406C2 AGG=8D92E069C6695E9D
FARM design=b01 dev="NVIDIA A100-SXM4-40GB" N=4194304 cycles=84164 block=128 secs=6.0046 agg_inst_cyc_per_s=5.8790e+10 per_inst_cyc_per_s=1.4017e+04 CHK0=9323220B31A8890B AGG=99A5FA1D0FB45503
FARM design=b01 dev="NVIDIA A100-SXM4-40GB" N=4194304 cycles=84099 block=256 secs=5.9956 agg_inst_cyc_per_s=5.8833e+10 per_inst_cyc_per_s=1.4027e+04 CHK0=84EA8022CE020A82 AGG=22381B274FCDABC3
== b06
FARM design=b06 dev="NVIDIA A100-SXM4-40GB" N=4096 cycles=2000000 block=128 secs=0.5206 agg_inst_cyc_per_s=1.5736e+10 per_inst_cyc_per_s=3.8419e+06 CHK0=574DA57280D8C019 AGG=FCF08D7BE4301478
CERT b06 MATCH 574DA57280D8C019
FARM design=b06 dev="NVIDIA A100-SXM4-40GB" N=1024 cycles=3000000 block=128 secs=0.7809 agg_inst_cyc_per_s=3.9341e+09 per_inst_cyc_per_s=3.8419e+06 CHK0=CAFE633135F5FBF9 AGG=B6F2089FDEC506C6
FARM design=b06 dev="NVIDIA A100-SXM4-40GB" N=1024 cycles=3000000 block=256 secs=1.4837 agg_inst_cyc_per_s=2.0705e+09 per_inst_cyc_per_s=2.0220e+06 CHK0=CAFE633135F5FBF9 AGG=B6F2089FDEC506C6
FARM design=b06 dev="NVIDIA A100-SXM4-40GB" N=4096 cycles=3000000 block=128 secs=0.7809 agg_inst_cyc_per_s=1.5736e+10 per_inst_cyc_per_s=3.8419e+06 CHK0=CAFE633135F5FBF9 AGG=B126156505B3D95A
FARM design=b06 dev="NVIDIA A100-SXM4-40GB" N=4096 cycles=3000000 block=256 secs=1.4837 agg_inst_cyc_per_s=8.2820e+09 per_inst_cyc_per_s=2.0220e+06 CHK0=CAFE633135F5FBF9 AGG=B126156505B3D95A
FARM design=b06 dev="NVIDIA A100-SXM4-40GB" N=16384 cycles=3000000 block=128 secs=1.5180 agg_inst_cyc_per_s=3.2379e+10 per_inst_cyc_per_s=1.9763e+06 CHK0=CAFE633135F5FBF9 AGG=378FCFB6696D14E7
FARM design=b06 dev="NVIDIA A100-SXM4-40GB" N=16384 cycles=3000000 block=256 secs=1.4837 agg_inst_cyc_per_s=3.3127e+10 per_inst_cyc_per_s=2.0219e+06 CHK0=CAFE633135F5FBF9 AGG=378FCFB6696D14E7
FARM design=b06 dev="NVIDIA A100-SXM4-40GB" N=65536 cycles=3000000 block=128 secs=3.7419 agg_inst_cyc_per_s=5.2542e+10 per_inst_cyc_per_s=8.0173e+05 CHK0=CAFE633135F5FBF9 AGG=A6B9541C06666A6E
FARM design=b06 dev="NVIDIA A100-SXM4-40GB" N=65536 cycles=3000000 block=256 secs=4.4511 agg_inst_cyc_per_s=4.4171e+10 per_inst_cyc_per_s=6.7400e+05 CHK0=CAFE633135F5FBF9 AGG=A6B9541C06666A6E
FARM design=b06 dev="NVIDIA A100-SXM4-40GB" N=262144 cycles=1010993 block=128 secs=4.7582 agg_inst_cyc_per_s=5.5699e+10 per_inst_cyc_per_s=2.1248e+05 CHK0=8111CD8BAEF881BA AGG=8E75EC2390EE3C3C
FARM design=b06 dev="NVIDIA A100-SXM4-40GB" N=262144 cycles=1274848 block=256 secs=6.3047 agg_inst_cyc_per_s=5.3007e+10 per_inst_cyc_per_s=2.0221e+05 CHK0=F9195E4392DB2FDD AGG=399C8CAFF54A42FE
FARM design=b06 dev="NVIDIA A100-SXM4-40GB" N=1048576 cycles=303308 block=128 secs=5.6991 agg_inst_cyc_per_s=5.5806e+10 per_inst_cyc_per_s=5.3220e+04 CHK0=705C15BCA30C4705 AGG=F81EDEA848E874C8
FARM design=b06 dev="NVIDIA A100-SXM4-40GB" N=1048576 cycles=319324 block=256 secs=6.0012 agg_inst_cyc_per_s=5.5795e+10 per_inst_cyc_per_s=5.3210e+04 CHK0=CF5A067FCDB18BA8 AGG=104B09CC95B970E3
FARM design=b06 dev="NVIDIA A100-SXM4-40GB" N=4194304 cycles=79815 block=128 secs=5.9956 agg_inst_cyc_per_s=5.5835e+10 per_inst_cyc_per_s=1.3312e+04 CHK0=9F38D42CFE1AEB7A AGG=9671924FA2C2D702
FARM design=b06 dev="NVIDIA A100-SXM4-40GB" N=4194304 cycles=79872 block=256 secs=6.0042 agg_inst_cyc_per_s=5.5796e+10 per_inst_cyc_per_s=1.3303e+04 CHK0=3C17F89B321497E8 AGG=D8CA69551BEC315F
== b14
FARM design=b14 dev="NVIDIA A100-SXM4-40GB" N=4096 cycles=1000000 block=128 secs=2.1591 agg_inst_cyc_per_s=1.8971e+09 per_inst_cyc_per_s=4.6316e+05 CHK0=BE00000000000383 AGG=E9D22C0C7DE22325
CERT b14 MATCH BE00000000000383
FARM design=b14 dev="NVIDIA A100-SXM4-40GB" N=1024 cycles=3000000 block=128 secs=6.4791 agg_inst_cyc_per_s=4.7414e+08 per_inst_cyc_per_s=4.6303e+05 CHK0=BE00000000000292 AGG=F9056E09D8CDC325
FARM design=b14 dev="NVIDIA A100-SXM4-40GB" N=1024 cycles=2778164 block=256 secs=10.1496 agg_inst_cyc_per_s=2.8029e+08 per_inst_cyc_per_s=2.7372e+05 CHK0=20ECA97531C58066 AGG=C0337B35FD844325
FARM design=b14 dev="NVIDIA A100-SXM4-40GB" N=4096 cycles=410581 block=128 secs=0.8864 agg_inst_cyc_per_s=1.8973e+09 per_inst_cyc_per_s=4.6320e+05 CHK0=D3174A8EFDC5C1BF AGG=1B88E5258E352325
FARM design=b14 dev="NVIDIA A100-SXM4-40GB" N=4096 cycles=2779248 block=256 secs=10.1594 agg_inst_cyc_per_s=1.1205e+09 per_inst_cyc_per_s=2.7357e+05 CHK0=10ECA86421FDB998 AGG=226CB58882602325
FARM design=b14 dev="NVIDIA A100-SXM4-40GB" N=16384 cycles=410339 block=128 secs=1.5645 agg_inst_cyc_per_s=4.2971e+09 per_inst_cyc_per_s=2.6227e+05 CHK0=22222222221DE222 AGG=2EDEEBCEC05C2325
FARM design=b14 dev="NVIDIA A100-SXM4-40GB" N=16384 cycles=1573645 block=256 secs=5.7479 agg_inst_cyc_per_s=4.4856e+09 per_inst_cyc_per_s=2.7378e+05 CHK0=3FC222064A8ED120 AGG=7C7CBA4908862325
FARM design=b14 dev="NVIDIA A100-SXM4-40GB" N=65536 cycles=410668 block=128 secs=3.8368 agg_inst_cyc_per_s=7.0147e+09 per_inst_cyc_per_s=1.0704e+05 CHK0=221A186420ECA920 AGG=B726B665D1F82325
FARM design=b14 dev="NVIDIA A100-SXM4-40GB" N=65536 cycles=642214 block=256 secs=7.0370 agg_inst_cyc_per_s=5.9810e+09 per_inst_cyc_per_s=9.1262e+04 CHK0=222222221A097460 AGG=B21E965B54542325
FARM design=b14 dev="NVIDIA A100-SXM4-40GB" N=262144 cycles=136894 block=128 secs=4.7706 agg_inst_cyc_per_s=7.5223e+09 per_inst_cyc_per_s=2.8695e+04 CHK0=10BE000000000161 AGG=6B54234A73222325
FARM design=b14 dev="NVIDIA A100-SXM4-40GB" N=262144 cycles=172171 block=256 secs=6.2886 agg_inst_cyc_per_s=7.1771e+09 per_inst_cyc_per_s=2.7378e+04 CHK0=000382F13579BCE0 AGG=A3B734167E2A2325
FARM design=b14 dev="NVIDIA A100-SXM4-40GB" N=1048576 cycles=41067 block=128 secs=5.6969 agg_inst_cyc_per_s=7.5588e+09 per_inst_cyc_per_s=7.2086e+03 CHK0=2221A10ECA8642C2 AGG=EBA31BBFA4022325
FARM design=b14 dev="NVIDIA A100-SXM4-40GB" N=1048576 cycles=43251 block=256 secs=6.0035 agg_inst_cyc_per_s=7.5543e+09 per_inst_cyc_per_s=7.2044e+03 CHK0=DB97530ECA85C1FF AGG=2D7029898B822325
FARM design=b14 dev="NVIDIA A100-SXM4-40GB" N=4194304 cycles=10806 block=128 secs=5.9892 agg_inst_cyc_per_s=7.5676e+09 per_inst_cyc_per_s=1.8043e+03 CHK0=ECA9753201BE0062 AGG=CC65046BBA222325
FARM design=b14 dev="NVIDIA A100-SXM4-40GB" N=4194304 cycles=10825 block=256 secs=6.0101 agg_inst_cyc_per_s=7.5545e+09 per_inst_cyc_per_s=1.8011e+03 CHK0=00003FC088ACE0A0 AGG=A8E190CBA4222325
== b12
FARM design=b12 dev="NVIDIA A100-SXM4-40GB" N=4096 cycles=3000000 block=128 secs=15.1861 agg_inst_cyc_per_s=8.0916e+08 per_inst_cyc_per_s=1.9755e+05 CHK0=C946C4B187AEB9D3 AGG=41215AAF04AA35EF
CERT b12 MATCH C946C4B187AEB9D3
FARM design=b12 dev="NVIDIA A100-SXM4-40GB" N=1024 cycles=3000000 block=128 secs=14.8000 agg_inst_cyc_per_s=2.0757e+08 per_inst_cyc_per_s=2.0270e+05 CHK0=C946C4B187AEB9D3 AGG=5E12F322FDF28C1E
FARM design=b12 dev="NVIDIA A100-SXM4-40GB" N=1024 cycles=1216230 block=256 secs=9.4025 agg_inst_cyc_per_s=1.3246e+08 per_inst_cyc_per_s=1.2935e+05 CHK0=EAA4931E30C82273 AGG=1F100206391AA3B7
FARM design=b12 dev="NVIDIA A100-SXM4-40GB" N=4096 cycles=194033 block=128 secs=0.9818 agg_inst_cyc_per_s=8.0949e+08 per_inst_cyc_per_s=1.9763e+05 CHK0=0B8BB39ECDCC2121 AGG=B66FFE40A8C7A6EA
FARM design=b12 dev="NVIDIA A100-SXM4-40GB" N=4096 cycles=1185776 block=256 secs=9.1775 agg_inst_cyc_per_s=5.2922e+08 per_inst_cyc_per_s=1.2920e+05 CHK0=1F18C6F69B1A673F AGG=08A15632B859A67E
FARM design=b12 dev="NVIDIA A100-SXM4-40GB" N=16384 cycles=193806 block=128 secs=1.6151 agg_inst_cyc_per_s=1.9661e+09 per_inst_cyc_per_s=1.2000e+05 CHK0=8A4852A1EEE5AB53 AGG=1C256A1E1D089FB8
FARM design=b12 dev="NVIDIA A100-SXM4-40GB" N=16384 cycles=720007 block=256 secs=5.5824 agg_inst_cyc_per_s=2.1132e+09 per_inst_cyc_per_s=1.2898e+05 CHK0=69DDF61F88B45D30 AGG=54E16AFA56F264A2
FARM design=b12 dev="NVIDIA A100-SXM4-40GB" N=65536 cycles=193469 block=128 secs=3.8714 agg_inst_cyc_per_s=3.2751e+09 per_inst_cyc_per_s=4.9974e+04 CHK0=06BE362F4601402E AGG=AC19FB76E8E85A86
FARM design=b12 dev="NVIDIA A100-SXM4-40GB" N=65536 cycles=299844 block=256 secs=6.9669 agg_inst_cyc_per_s=2.8206e+09 per_inst_cyc_per_s=4.3038e+04 CHK0=53B08D3A7B272656 AGG=96B1F691D4D9D051
FARM design=b12 dev="NVIDIA A100-SXM4-40GB" N=262144 cycles=64558 block=128 secs=4.8357 agg_inst_cyc_per_s=3.4997e+09 per_inst_cyc_per_s=1.3350e+04 CHK0=5BD5D70F9A27EAB3 AGG=413719B4E1579055
FARM design=b12 dev="NVIDIA A100-SXM4-40GB" N=262144 cycles=80101 block=256 secs=6.2055 agg_inst_cyc_per_s=3.3837e+09 per_inst_cyc_per_s=1.2908e+04 CHK0=09146EA3D28B6DB7 AGG=1D215577DC57E139
FARM design=b12 dev="NVIDIA A100-SXM4-40GB" N=1048576 cycles=19361 block=128 secs=5.7522 agg_inst_cyc_per_s=3.5293e+09 per_inst_cyc_per_s=3.3658e+03 CHK0=B35F2FF4CE624AB5 AGG=2578C42670F74856
FARM design=b12 dev="NVIDIA A100-SXM4-40GB" N=1048576 cycles=20194 block=256 secs=5.9475 agg_inst_cyc_per_s=3.5603e+09 per_inst_cyc_per_s=3.3954e+03 CHK0=99F8E7597AA1B19E AGG=C6C6B0EB1EE5F747
FARM design=b12 dev="NVIDIA A100-SXM4-40GB" N=4194304 cycles=5093 block=128 secs=6.0207 agg_inst_cyc_per_s=3.5480e+09 per_inst_cyc_per_s=8.4592e+02 CHK0=8DB51093E73D1BE9 AGG=090228F7253B00A4
FARM design=b12 dev="NVIDIA A100-SXM4-40GB" N=4194304 cycles=5075 block=256 secs=5.9786 agg_inst_cyc_per_s=3.5604e+09 per_inst_cyc_per_s=8.4887e+02 CHK0=193E73D13E98DB51 AGG=C6705703CD81B90D
== b22
FARM design=b22 dev="NVIDIA A100-SXM4-40GB" N=4096 cycles=1000000 block=128 secs=7.7735 agg_inst_cyc_per_s=5.2692e+08 per_inst_cyc_per_s=1.2864e+05 CHK0=64A596EC9D810F52 AGG=6A6C1EB7AC506325
CERT b22 MATCH 64A596EC9D810F52
FARM design=b22 dev="NVIDIA A100-SXM4-40GB" N=1024 cycles=3000000 block=128 secs=23.2217 agg_inst_cyc_per_s=1.3229e+08 per_inst_cyc_per_s=1.2919e+05 CHK0=ED8104A5B91343C0 AGG=E9540F90C1307B25
FARM design=b22 dev="NVIDIA A100-SXM4-40GB" N=1024 cycles=775136 block=256 secs=8.7714 agg_inst_cyc_per_s=9.0492e+07 per_inst_cyc_per_s=8.8371e+04 CHK0=CC10A1F5974AC835 AGG=A246C94EF81B2325
FARM design=b22 dev="NVIDIA A100-SXM4-40GB" N=4096 cycles=132556 block=128 secs=1.0316 agg_inst_cyc_per_s=5.2632e+08 per_inst_cyc_per_s=1.2850e+05 CHK0=037DFC06D9AD8124 AGG=BBD67FE03D278325
FARM design=b22 dev="NVIDIA A100-SXM4-40GB" N=4096 cycles=770976 block=256 secs=8.7318 agg_inst_cyc_per_s=3.6166e+08 per_inst_cyc_per_s=8.8295e+04 CHK0=E74AC8E6953431B4 AGG=9214C65EB855E325
FARM design=b22 dev="NVIDIA A100-SXM4-40GB" N=16384 cycles=132443 block=128 secs=1.6826 agg_inst_cyc_per_s=1.2896e+09 per_inst_cyc_per_s=7.8712e+04 CHK0=4EA267DEA96D2331 AGG=EAB2A9870BE22325
FARM design=b22 dev="NVIDIA A100-SXM4-40GB" N=16384 cycles=472265 block=256 secs=5.3778 agg_inst_cyc_per_s=1.4388e+09 per_inst_cyc_per_s=8.7817e+04 CHK0=2DC89A6C4C01643E AGG=AB4D24EFAD10A325
FARM design=b22 dev="NVIDIA A100-SXM4-40GB" N=65536 cycles=131726 block=128 secs=3.8374 agg_inst_cyc_per_s=2.2496e+09 per_inst_cyc_per_s=3.4327e+04 CHK0=FFD52D922654BCC4 AGG=E4D7595333E22325
FARM design=b22 dev="NVIDIA A100-SXM4-40GB" N=65536 cycles=205957 block=256 secs=7.0697 agg_inst_cyc_per_s=1.9092e+09 per_inst_cyc_per_s=2.9133e+04 CHK0=FFFFFFFFFFFB9924 AGG=DCDC3E9CC7502325
FARM design=b22 dev="NVIDIA A100-SXM4-40GB" N=262144 cycles=43698 block=128 secs=4.7936 agg_inst_cyc_per_s=2.3897e+09 per_inst_cyc_per_s=9.1160e+03 CHK0=9940629E56FB64C3 AGG=E00BB510901A2325
FARM design=b22 dev="NVIDIA A100-SXM4-40GB" N=262144 cycles=54695 block=256 secs=6.2795 agg_inst_cyc_per_s=2.2833e+09 per_inst_cyc_per_s=8.7101e+03 CHK0=4B58A6872116E2E3 AGG=E47C747F0A422325
FARM design=b22 dev="NVIDIA A100-SXM4-40GB" N=1048576 cycles=13065 block=128 secs=5.6657 agg_inst_cyc_per_s=2.4180e+09 per_inst_cyc_per_s=2.3060e+03 CHK0=6DB6DB381F6D6EC0 AGG=D40BB5F737422325
FARM design=b22 dev="NVIDIA A100-SXM4-40GB" N=1048576 cycles=13835 block=256 secs=6.0273 agg_inst_cyc_per_s=2.4069e+09 per_inst_cyc_per_s=2.2954e+03 CHK0=00001568DB5A0EFB AGG=247BBA9049A22325
FARM design=b22 dev="NVIDIA A100-SXM4-40GB" N=4194304 cycles=3443 block=128 secs=5.9453 agg_inst_cyc_per_s=2.4290e+09 per_inst_cyc_per_s=5.7911e+02 CHK0=8171327CCD1240B6 AGG=E33615BD3AA22325
FARM design=b22 dev="NVIDIA A100-SXM4-40GB" N=4194304 cycles=3474 block=256 secs=6.0011 agg_inst_cyc_per_s=2.4281e+09 per_inst_cyc_per_s=5.7889e+02 CHK0=4B2D22654BF9DAE9 AGG=9919578EA6222325
== b17
FARM design=b17 dev="NVIDIA A100-SXM4-40GB" N=4096 cycles=1000000 block=128 secs=51.6973 agg_inst_cyc_per_s=7.9230e+07 per_inst_cyc_per_s=1.9343e+04 CHK0=1CDC023B08293B0C AGG=C508981D8390D2E6
CERT b17 MATCH 1CDC023B08293B0C
FARM design=b17 dev="NVIDIA A100-SXM4-40GB" N=1024 cycles=464238 block=128 secs=23.9757 agg_inst_cyc_per_s=1.9828e+07 per_inst_cyc_per_s=1.9363e+04 CHK0=DF8EE6734212BE5F AGG=3565138346E0DB98
FARM design=b17 dev="NVIDIA A100-SXM4-40GB" N=1024 cycles=116179 block=256 secs=6.5103 agg_inst_cyc_per_s=1.8274e+07 per_inst_cyc_per_s=1.7846e+04 CHK0=B1B04D4D1D81793A AGG=7C70C8778502458B
FARM design=b17 dev="NVIDIA A100-SXM4-40GB" N=4096 cycles=26768 block=128 secs=1.3819 agg_inst_cyc_per_s=7.9340e+07 per_inst_cyc_per_s=1.9370e+04 CHK0=569FC393B3B280CC AGG=15224F50B749CDE3
FARM design=b17 dev="NVIDIA A100-SXM4-40GB" N=4096 cycles=116220 block=256 secs=6.4358 agg_inst_cyc_per_s=7.3968e+07 per_inst_cyc_per_s=1.8058e+04 CHK0=17EAEABA26DE9DB1 AGG=ADA2C17AC825C78D
FARM design=b17 dev="NVIDIA A100-SXM4-40GB" N=16384 cycles=27087 block=128 secs=2.9190 agg_inst_cyc_per_s=1.5204e+08 per_inst_cyc_per_s=9.2795e+03 CHK0=AB569FC393B3B280 AGG=28B1BD9BD91A009C
FARM design=b17 dev="NVIDIA A100-SXM4-40GB" N=16384 cycles=55678 block=256 secs=6.5730 agg_inst_cyc_per_s=1.3878e+08 per_inst_cyc_per_s=8.4707e+03 CHK0=E91B9AE0009013F2 AGG=B32EAECD669144AD
FARM design=b17 dev="NVIDIA A100-SXM4-40GB" N=65536 cycles=12705 block=128 secs=4.9061 agg_inst_cyc_per_s=1.6971e+08 per_inst_cyc_per_s=2.5896e+03 CHK0=522EFE83C2421EDC AGG=B6549FE309327724
FARM design=b17 dev="NVIDIA A100-SXM4-40GB" N=65536 cycles=15537 block=256 secs=6.0109 agg_inst_cyc_per_s=1.6940e+08 per_inst_cyc_per_s=2.5848e+03 CHK0=3173DC43A11FBDDC AGG=8E369EBD98FA42B6
FARM design=b17 dev="NVIDIA A100-SXM4-40GB" N=262144 cycles=3877 block=128 secs=5.8008 agg_inst_cyc_per_s=1.7521e+08 per_inst_cyc_per_s=6.6836e+02 CHK0=FE4183A7134E4B09 AGG=5138E1F2479D2984
FARM design=b17 dev="NVIDIA A100-SXM4-40GB" N=262144 cycles=4010 block=256 secs=6.0752 agg_inst_cyc_per_s=1.7303e+08 per_inst_cyc_per_s=6.6007e+02 CHK0=4E4B0979C6042094 AGG=BEF9117F6B96103C
FARM design=b17 dev="NVIDIA A100-SXM4-40GB" N=1048576 cycles=1000 block=128 secs=6.0341 agg_inst_cyc_per_s=1.7377e+08 per_inst_cyc_per_s=1.6572e+02 CHK0=652DD3A9C8A69A84 AGG=405CB2FD3D08F1D2
FARM design=b17 dev="NVIDIA A100-SXM4-40GB" N=1048576 cycles=1000 block=256 secs=6.0780 agg_inst_cyc_per_s=1.7252e+08 per_inst_cyc_per_s=1.6453e+02 CHK0=652DD3A9C8A69A84 AGG=405CB2FD3D08F1D2
FARM design=b17 dev="NVIDIA A100-SXM4-40GB" N=4194304 cycles=1000 block=128 secs=23.8805 agg_inst_cyc_per_s=1.7564e+08 per_inst_cyc_per_s=4.1875e+01 CHK0=652DD3A9C8A69A84 AGG=FA7E7B30B6B4AD1E
FARM design=b17 dev="NVIDIA A100-SXM4-40GB" N=4194304 cycles=1000 block=256 secs=24.0277 agg_inst_cyc_per_s=1.7456e+08 per_inst_cyc_per_s=4.1619e+01 CHK0=652DD3A9C8A69A84 AGG=FA7E7B30B6B4AD1E
SWEEP-END 2026-09-14T22:17:38Z
15:17:38 RUN-EXIT=0
./vast_bench.sh: line 21: TAG: unbound variable
15:17:38 destroying 51058375
destroying instance 51058375.
15:17:50 destroyed 51058375
