01:20:37 offer: 43681509 0.3613888888888889 RTX_4090 13.0 Malaysia,_MY
01:20:41 instance 51098213 on offer 43681509 (RTX_4090 cuda<=13.0 $0.3613888888888889/h Malaysia,_MY)
01:21:41 status=running ssh1.vast.ai:18212
01:21:53 binaries shipped (attempt 1)
Welcome to vast.ai. If authentication fails, try again after a few seconds, and double check your ssh key.
Have fun!
DPH=0.3613888888888889 GPU=RTX_4090x1
SWEEP-START 2026-09-15T08:21:57Z host=edd54f0264ad
name, driver_version, clocks.max.sm [MHz], memory.total [MiB]
NVIDIA GeForce RTX 4090, 580.105.08, 3105 MHz, 24564 MiB
YURI dev="NVIDIA GeForce RTX 4090" N=1 max_transfers=10000000 secs=11.2573 inst0: cycles=22218516 sum=10000000 a=10000000 b=10000000 errors=0 | all: cycles=22218516 (min 22218516 max 22218516) sums=10000000 errors=0 | inst-cyc/s=1.9737e+06 transfers/s=8.8832e+05 PASS
YURI dev="NVIDIA GeForce RTX 4090" N=1 max_transfers=10000000 secs=11.2385 inst0: cycles=22221353 sum=10000000 a=10000000 b=10000000 errors=0 | all: cycles=22221353 (min 22221353 max 22221353) sums=10000000 errors=0 | inst-cyc/s=1.9772e+06 transfers/s=8.8980e+05 PASS
YURI dev="NVIDIA GeForce RTX 4090" N=1 max_transfers=10000000 secs=11.2418 inst0: cycles=22228209 sum=10000000 a=10000000 b=10000000 errors=0 | all: cycles=22228209 (min 22228209 max 22228209) sums=10000000 errors=0 | inst-cyc/s=1.9773e+06 transfers/s=8.8954e+05 PASS
YURI dev="NVIDIA GeForce RTX 4090" N=128 max_transfers=10000000 secs=12.2557 inst0: cycles=22218516 sum=10000000 a=10000000 b=10000000 errors=0 | all: cycles=2844806607 (min 22215854 max 22233565) sums=1280000000 errors=0 | inst-cyc/s=2.3212e+08 transfers/s=1.0444e+08 PASS
YURI dev="NVIDIA GeForce RTX 4090" N=1024 max_transfers=10000000 secs=12.2585 inst0: cycles=22218516 sum=10000000 a=10000000 b=10000000 errors=0 | all: cycles=22758621925 (min 22215419 max 22234437) sums=10240000000 errors=0 | inst-cyc/s=1.8566e+09 transfers/s=8.3534e+08 PASS
YURI dev="NVIDIA GeForce RTX 4090" N=4096 max_transfers=10000000 secs=12.3297 inst0: cycles=22218516 sum=10000000 a=10000000 b=10000000 errors=0 | all: cycles=91034829772 (min 22215326 max 22234750) sums=40960000000 errors=0 | inst-cyc/s=7.3834e+09 transfers/s=3.3221e+09 PASS
YURI dev="NVIDIA GeForce RTX 4090" N=16384 max_transfers=1000000 secs=3.8679 inst0: cycles=2222546 sum=1000000 a=1000000 b=1000000 errors=0 | all: cycles=36414502319 (min 2218044 max 2226616) sums=16384000000 errors=0 | inst-cyc/s=9.4146e+09 transfers/s=4.2359e+09 PASS
YURI dev="NVIDIA GeForce RTX 4090" N=65536 max_transfers=1000000 secs=14.7382 inst0: cycles=2222546 sum=1000000 a=1000000 b=1000000 errors=0 | all: cycles=145657205437 (min 2218044 max 2226616) sums=65536000000 errors=0 | inst-cyc/s=9.8830e+09 transfers/s=4.4467e+09 PASS
YURI dev="NVIDIA GeForce RTX 4090" N=262144 max_transfers=1000000 secs=58.9949 inst0: cycles=2222546 sum=1000000 a=1000000 b=1000000 errors=0 | all: cycles=582630230799 (min 2218044 max 2226616) sums=262144000000 errors=0 | inst-cyc/s=9.8759e+09 transfers/s=4.4435e+09 PASS
YURI dev="NVIDIA GeForce RTX 4090" N=1048576 max_transfers=1000000 secs=234.6910 inst0: cycles=2222546 sum=1000000 a=1000000 b=1000000 errors=0 | all: cycles=2330523704925 (min 2218029 max 2226671) sums=1048576000000 errors=0 | inst-cyc/s=9.9302e+09 transfers/s=4.4679e+09 PASS
SWEEP-END 2026-09-15T08:28:23Z
01:28:23 RUN-EXIT=0
01:28:24 destroying 51098213
destroying instance 51098213.
01:28:28 destroyed 51098213
