14:58:11 offer: 48704107 2.9379444444444447 H100_SXM 13.3 Czechia,_CZ
14:58:18 instance 51058377 on offer 48704107 (H100_SXM cuda<=13.3 $2.9379444444444447/h Czechia,_CZ)
14:59:35 status=running ssh1.vast.ai:18376
15:01:59 binaries shipped (attempt 1)
Welcome to vast.ai. If authentication fails, try again after a few seconds, and double check your ssh key.
Have fun!
DPH=2.9379444444444447 GPU=H100_SXM
SWEEP-START 2026-09-14T22:02:04Z host=d70f87a5f15d
name, driver_version, clocks.max.sm [MHz], memory.total [MiB], power.limit [W]
NVIDIA H100 80GB HBM3, 610.57.04, 1980 MHz, 81559 MiB, 575.00 W
== b01
FARM design=b01 dev="NVIDIA H100 80GB HBM3" N=4096 cycles=3000000 block=128 secs=0.4953 agg_inst_cyc_per_s=2.4808e+10 per_inst_cyc_per_s=6.0567e+06 CHK0=A29A0B8A83930283 AGG=FC6CB993726E4288
CERT b01 MATCH A29A0B8A83930283
FARM design=b01 dev="NVIDIA H100 80GB HBM3" N=1024 cycles=3000000 block=128 secs=0.4955 agg_inst_cyc_per_s=6.2001e+09 per_inst_cyc_per_s=6.0548e+06 CHK0=A29A0B8A83930283 AGG=D1D539CF5C49A1CA
FARM design=b01 dev="NVIDIA H100 80GB HBM3" N=1024 cycles=3000000 block=256 secs=0.9591 agg_inst_cyc_per_s=3.2029e+09 per_inst_cyc_per_s=3.1279e+06 CHK0=A29A0B8A83930283 AGG=D1D539CF5C49A1CA
FARM design=b01 dev="NVIDIA H100 80GB HBM3" N=4096 cycles=3000000 block=128 secs=0.4955 agg_inst_cyc_per_s=2.4801e+10 per_inst_cyc_per_s=6.0549e+06 CHK0=A29A0B8A83930283 AGG=FC6CB993726E4288
FARM design=b01 dev="NVIDIA H100 80GB HBM3" N=4096 cycles=3000000 block=256 secs=0.9591 agg_inst_cyc_per_s=1.2812e+10 per_inst_cyc_per_s=3.1279e+06 CHK0=A29A0B8A83930283 AGG=FC6CB993726E4288
FARM design=b01 dev="NVIDIA H100 80GB HBM3" N=16384 cycles=3000000 block=128 secs=0.4955 agg_inst_cyc_per_s=9.9202e+10 per_inst_cyc_per_s=6.0548e+06 CHK0=A29A0B8A83930283 AGG=37C4CE81B39FE554
FARM design=b01 dev="NVIDIA H100 80GB HBM3" N=16384 cycles=3000000 block=256 secs=0.9591 agg_inst_cyc_per_s=5.1248e+10 per_inst_cyc_per_s=3.1279e+06 CHK0=A29A0B8A83930283 AGG=37C4CE81B39FE554
FARM design=b01 dev="NVIDIA H100 80GB HBM3" N=65536 cycles=3000000 block=128 secs=1.9316 agg_inst_cyc_per_s=1.0179e+11 per_inst_cyc_per_s=1.5531e+06 CHK0=A29A0B8A83930283 AGG=7C10F94CBE72E8BB
FARM design=b01 dev="NVIDIA H100 80GB HBM3" N=65536 cycles=3000000 block=256 secs=1.9288 agg_inst_cyc_per_s=1.0193e+11 per_inst_cyc_per_s=1.5554e+06 CHK0=A29A0B8A83930283 AGG=7C10F94CBE72E8BB
FARM design=b01 dev="NVIDIA H100 80GB HBM3" N=262144 cycles=2332992 block=128 secs=5.9724 agg_inst_cyc_per_s=1.0240e+11 per_inst_cyc_per_s=3.9063e+05 CHK0=A81800A22B190B01 AGG=E15AF233EC9F7959
FARM design=b01 dev="NVIDIA H100 80GB HBM3" N=262144 cycles=2343750 block=256 secs=6.0028 agg_inst_cyc_per_s=1.0235e+11 per_inst_cyc_per_s=3.9044e+05 CHK0=92989A1390809031 AGG=8020FAA7FDBDB809
FARM design=b01 dev="NVIDIA H100 80GB HBM3" N=1048576 cycles=585651 block=128 secs=5.8946 agg_inst_cyc_per_s=1.0418e+11 per_inst_cyc_per_s=9.9354e+04 CHK0=4C6A0A40C48A6888 AGG=8ED30F78E465D8DD
FARM design=b01 dev="NVIDIA H100 80GB HBM3" N=1048576 cycles=596122 block=256 secs=6.1009 agg_inst_cyc_per_s=1.0246e+11 per_inst_cyc_per_s=9.7711e+04 CHK0=A2823B80803881A2 AGG=0F3399685A4609E7
FARM design=b01 dev="NVIDIA H100 80GB HBM3" N=4194304 cycles=146570 block=128 secs=5.8285 agg_inst_cyc_per_s=1.0547e+11 per_inst_cyc_per_s=2.5147e+04 CHK0=B02A2BB01A9881A8 AGG=A1B087E9CE7BFA18
FARM design=b01 dev="NVIDIA H100 80GB HBM3" N=4194304 cycles=150876 block=256 secs=6.0302 agg_inst_cyc_per_s=1.0494e+11 per_inst_cyc_per_s=2.5020e+04 CHK0=0083312902AAB38B AGG=7455613DE02CFB91
== b06
FARM design=b06 dev="NVIDIA H100 80GB HBM3" N=4096 cycles=2000000 block=128 secs=0.3717 agg_inst_cyc_per_s=2.2037e+10 per_inst_cyc_per_s=5.3802e+06 CHK0=574DA57280D8C019 AGG=FCF08D7BE4301478
CERT b06 MATCH 574DA57280D8C019
FARM design=b06 dev="NVIDIA H100 80GB HBM3" N=1024 cycles=3000000 block=128 secs=0.5576 agg_inst_cyc_per_s=5.5094e+09 per_inst_cyc_per_s=5.3803e+06 CHK0=CAFE633135F5FBF9 AGG=B6F2089FDEC506C6
FARM design=b06 dev="NVIDIA H100 80GB HBM3" N=1024 cycles=3000000 block=256 secs=1.0591 agg_inst_cyc_per_s=2.9005e+09 per_inst_cyc_per_s=2.8326e+06 CHK0=CAFE633135F5FBF9 AGG=B6F2089FDEC506C6
FARM design=b06 dev="NVIDIA H100 80GB HBM3" N=4096 cycles=3000000 block=128 secs=0.5576 agg_inst_cyc_per_s=2.2038e+10 per_inst_cyc_per_s=5.3803e+06 CHK0=CAFE633135F5FBF9 AGG=B126156505B3D95A
FARM design=b06 dev="NVIDIA H100 80GB HBM3" N=4096 cycles=3000000 block=256 secs=1.0591 agg_inst_cyc_per_s=1.1602e+10 per_inst_cyc_per_s=2.8326e+06 CHK0=CAFE633135F5FBF9 AGG=B126156505B3D95A
FARM design=b06 dev="NVIDIA H100 80GB HBM3" N=16384 cycles=3000000 block=128 secs=0.5576 agg_inst_cyc_per_s=8.8151e+10 per_inst_cyc_per_s=5.3803e+06 CHK0=CAFE633135F5FBF9 AGG=378FCFB6696D14E7
FARM design=b06 dev="NVIDIA H100 80GB HBM3" N=16384 cycles=3000000 block=256 secs=1.0591 agg_inst_cyc_per_s=4.6408e+10 per_inst_cyc_per_s=2.8325e+06 CHK0=CAFE633135F5FBF9 AGG=378FCFB6696D14E7
FARM design=b06 dev="NVIDIA H100 80GB HBM3" N=65536 cycles=3000000 block=128 secs=2.1432 agg_inst_cyc_per_s=9.1736e+10 per_inst_cyc_per_s=1.3998e+06 CHK0=CAFE633135F5FBF9 AGG=A6B9541C06666A6E
FARM design=b06 dev="NVIDIA H100 80GB HBM3" N=65536 cycles=3000000 block=256 secs=2.1182 agg_inst_cyc_per_s=9.2818e+10 per_inst_cyc_per_s=1.4163e+06 CHK0=CAFE633135F5FBF9 AGG=A6B9541C06666A6E
FARM design=b06 dev="NVIDIA H100 80GB HBM3" N=262144 cycles=2124435 block=128 secs=6.0140 agg_inst_cyc_per_s=9.2602e+10 per_inst_cyc_per_s=3.5325e+05 CHK0=9CFE8E81DC0F4638 AGG=3A16CFBE84354F6C
FARM design=b06 dev="NVIDIA H100 80GB HBM3" N=262144 cycles=2119491 block=256 secs=5.9858 agg_inst_cyc_per_s=9.2822e+10 per_inst_cyc_per_s=3.5409e+05 CHK0=796F4170850A156F AGG=A51965B05581DD65
FARM design=b06 dev="NVIDIA H100 80GB HBM3" N=1048576 cycles=531131 block=128 secs=5.9065 agg_inst_cyc_per_s=9.4292e+10 per_inst_cyc_per_s=8.9924e+04 CHK0=169778226DB59EF0 AGG=4AED7E0D75925D2F
FARM design=b06 dev="NVIDIA H100 80GB HBM3" N=1048576 cycles=539543 block=256 secs=6.0948 agg_inst_cyc_per_s=9.2826e+10 per_inst_cyc_per_s=8.8525e+04 CHK0=A8F9F4FB1BD6359A AGG=8E4714847F4D0904
FARM design=b06 dev="NVIDIA H100 80GB HBM3" N=4194304 cycles=132788 block=128 secs=5.8329 agg_inst_cyc_per_s=9.5484e+10 per_inst_cyc_per_s=2.2765e+04 CHK0=71A3C2414DD7BB30 AGG=9530923F6937A32F
FARM design=b06 dev="NVIDIA H100 80GB HBM3" N=4194304 cycles=136590 block=256 secs=6.0270 agg_inst_cyc_per_s=9.5055e+10 per_inst_cyc_per_s=2.2663e+04 CHK0=2D96FDC334ACB729 AGG=AB841BB472FADD38
== b14
FARM design=b14 dev="NVIDIA H100 80GB HBM3" N=4096 cycles=1000000 block=128 secs=1.5162 agg_inst_cyc_per_s=2.7015e+09 per_inst_cyc_per_s=6.5955e+05 CHK0=BE00000000000383 AGG=E9D22C0C7DE22325
CERT b14 MATCH BE00000000000383
FARM design=b14 dev="NVIDIA H100 80GB HBM3" N=1024 cycles=3000000 block=128 secs=4.5485 agg_inst_cyc_per_s=6.7539e+08 per_inst_cyc_per_s=6.5956e+05 CHK0=BE00000000000292 AGG=F9056E09D8CDC325
FARM design=b14 dev="NVIDIA H100 80GB HBM3" N=1024 cycles=3000000 block=256 secs=7.7061 agg_inst_cyc_per_s=3.9864e+08 per_inst_cyc_per_s=3.8930e+05 CHK0=BE00000000000292 AGG=F9056E09D8CDC325
FARM design=b14 dev="NVIDIA H100 80GB HBM3" N=4096 cycles=583945 block=128 secs=0.8854 agg_inst_cyc_per_s=2.7015e+09 per_inst_cyc_per_s=6.5955e+05 CHK0=00000381C20648A0 AGG=191A42452992A325
FARM design=b14 dev="NVIDIA H100 80GB HBM3" N=4096 cycles=3000000 block=256 secs=7.7061 agg_inst_cyc_per_s=1.5946e+09 per_inst_cyc_per_s=3.8930e+05 CHK0=BE00000000000292 AGG=97D4AEB4B6D0A325
FARM design=b14 dev="NVIDIA H100 80GB HBM3" N=16384 cycles=583959 block=128 secs=0.8854 agg_inst_cyc_per_s=1.0805e+10 per_inst_cyc_per_s=6.5951e+05 CHK0=8ED317581E22202A AGG=BF5AEC3446D1A325
FARM design=b14 dev="NVIDIA H100 80GB HBM3" N=16384 cycles=3000000 block=256 secs=7.7288 agg_inst_cyc_per_s=6.3596e+09 per_inst_cyc_per_s=3.8816e+05 CHK0=BE00000000000292 AGG=B6DAB7D34EDC2325
FARM design=b14 dev="NVIDIA H100 80GB HBM3" N=65536 cycles=582238 block=128 secs=3.0917 agg_inst_cyc_per_s=1.2342e+10 per_inst_cyc_per_s=1.8832e+05 CHK0=EF5C22222222229E AGG=AAD5E9F91AC82325
FARM design=b14 dev="NVIDIA H100 80GB HBM3" N=65536 cycles=1129943 block=256 secs=5.8107 agg_inst_cyc_per_s=1.2744e+10 per_inst_cyc_per_s=1.9446e+05 CHK0=174A8EC1862221B3 AGG=DB9521801AD22325
FARM design=b14 dev="NVIDIA H100 80GB HBM3" N=262144 cycles=291687 block=128 secs=6.0716 agg_inst_cyc_per_s=1.2594e+10 per_inst_cyc_per_s=4.8041e+04 CHK0=2222221DE0CCEA42 AGG=12B0D0A717AA2325
FARM design=b14 dev="NVIDIA H100 80GB HBM3" N=262144 cycles=288253 block=256 secs=5.9235 agg_inst_cyc_per_s=1.2757e+10 per_inst_cyc_per_s=4.8663e+04 CHK0=A7E00000000003C8 AGG=5B22B65D45C22325
FARM design=b14 dev="NVIDIA H100 80GB HBM3" N=1048576 cycles=72996 block=128 secs=5.9499 agg_inst_cyc_per_s=1.2864e+10 per_inst_cyc_per_s=1.2268e+04 CHK0=22222222221A3820 AGG=323F24D14CA22325
FARM design=b14 dev="NVIDIA H100 80GB HBM3" N=1048576 cycles=73608 block=256 secs=6.0498 agg_inst_cyc_per_s=1.2758e+10 per_inst_cyc_per_s=1.2167e+04 CHK0=000003FC33317682 AGG=CEA1E86355422325
FARM design=b14 dev="NVIDIA H100 80GB HBM3" N=4194304 cycles=18250 block=128 secs=5.8717 agg_inst_cyc_per_s=1.3036e+10 per_inst_cyc_per_s=3.1081e+03 CHK0=0003FC2AA8EC22C2 AGG=B8482CA43CA22325
FARM design=b14 dev="NVIDIA H100 80GB HBM3" N=4194304 cycles=18648 block=256 secs=5.9873 agg_inst_cyc_per_s=1.3063e+10 per_inst_cyc_per_s=3.1146e+03 CHK0=568ACE3A62222391 AGG=B0D65B8B2C222325
== b12
FARM design=b12 dev="NVIDIA H100 80GB HBM3" N=4096 cycles=3000000 block=128 secs=11.6079 agg_inst_cyc_per_s=1.0586e+09 per_inst_cyc_per_s=2.5844e+05 CHK0=C946C4B187AEB9D3 AGG=41215AAF04AA35EF
CERT b12 MATCH C946C4B187AEB9D3
FARM design=b12 dev="NVIDIA H100 80GB HBM3" N=1024 cycles=3000000 block=128 secs=9.9607 agg_inst_cyc_per_s=3.0841e+08 per_inst_cyc_per_s=3.0118e+05 CHK0=C946C4B187AEB9D3 AGG=5E12F322FDF28C1E
FARM design=b12 dev="NVIDIA H100 80GB HBM3" N=1024 cycles=1807089 block=256 secs=9.8852 agg_inst_cyc_per_s=1.8720e+08 per_inst_cyc_per_s=1.8281e+05 CHK0=DE70012FF48D665E AGG=6EC43814B66CFE2C
FARM design=b12 dev="NVIDIA H100 80GB HBM3" N=4096 cycles=274218 block=128 secs=1.0611 agg_inst_cyc_per_s=1.0586e+09 per_inst_cyc_per_s=2.5844e+05 CHK0=8D75310BF0E7FB27 AGG=09E8E04F16E4D162
FARM design=b12 dev="NVIDIA H100 80GB HBM3" N=4096 cycles=1550683 block=256 secs=8.4936 agg_inst_cyc_per_s=7.4781e+08 per_inst_cyc_per_s=1.8257e+05 CHK0=9AEA1FB89BADF13E AGG=D5A571E902879D3F
FARM design=b12 dev="NVIDIA H100 80GB HBM3" N=16384 cycles=273856 block=128 secs=1.0791 agg_inst_cyc_per_s=4.1581e+09 per_inst_cyc_per_s=2.5379e+05 CHK0=57D300EECE7E96D8 AGG=810157F9FA338EF9
FARM design=b12 dev="NVIDIA H100 80GB HBM3" N=16384 cycles=1522741 block=256 secs=8.3426 agg_inst_cyc_per_s=2.9905e+09 per_inst_cyc_per_s=1.8253e+05 CHK0=D821BF355B1B1609 AGG=A76D44070B543F13
FARM design=b12 dev="NVIDIA H100 80GB HBM3" N=65536 cycles=273788 block=128 secs=3.1880 agg_inst_cyc_per_s=5.6284e+09 per_inst_cyc_per_s=8.5882e+04 CHK0=7A869857D300EFCE AGG=ED7E203F47702DDF
FARM design=b12 dev="NVIDIA H100 80GB HBM3" N=65536 cycles=515295 block=256 secs=5.6429 agg_inst_cyc_per_s=5.9846e+09 per_inst_cyc_per_s=9.1317e+04 CHK0=D4E0A5701B8C707B AGG=36B2D37947E313D0
FARM design=b12 dev="NVIDIA H100 80GB HBM3" N=262144 cycles=136976 block=128 secs=6.0939 agg_inst_cyc_per_s=5.8924e+09 per_inst_cyc_per_s=2.2478e+04 CHK0=6BE6C8869D1A5B04 AGG=0F3077DC6FFA4494
FARM design=b12 dev="NVIDIA H100 80GB HBM3" N=262144 cycles=134866 block=256 secs=5.9051 agg_inst_cyc_per_s=5.9870e+09 per_inst_cyc_per_s=2.2839e+04 CHK0=23F7B7F05B5655B0 AGG=4E58208B91251117
FARM design=b12 dev="NVIDIA H100 80GB HBM3" N=1048576 cycles=34257 block=128 secs=5.9494 agg_inst_cyc_per_s=6.0378e+09 per_inst_cyc_per_s=5.7581e+03 CHK0=4CA697807FE5BC01 AGG=0968A1731BAF3645
FARM design=b12 dev="NVIDIA H100 80GB HBM3" N=1048576 cycles=34548 block=256 secs=6.0486 agg_inst_cyc_per_s=5.9892e+09 per_inst_cyc_per_s=5.7118e+03 CHK0=7E87EB82720C16D8 AGG=AFD2D57E5EBC84EB
FARM design=b12 dev="NVIDIA H100 80GB HBM3" N=4194304 cycles=8567 block=128 secs=5.8819 agg_inst_cyc_per_s=6.1091e+09 per_inst_cyc_per_s=1.4565e+03 CHK0=8F6A58AA79C749A9 AGG=8A3B1C685FE782D0
FARM design=b12 dev="NVIDIA H100 80GB HBM3" N=4194304 cycles=8739 block=256 secs=5.9783 agg_inst_cyc_per_s=6.1311e+09 per_inst_cyc_per_s=1.4618e+03 CHK0=4A58AA69C5459B06 AGG=331721CD0D8A800F
== b22
FARM design=b22 dev="NVIDIA H100 80GB HBM3" N=4096 cycles=1000000 block=128 secs=5.6148 agg_inst_cyc_per_s=7.2950e+08 per_inst_cyc_per_s=1.7810e+05 CHK0=64A596EC9D810F52 AGG=6A6C1EB7AC506325
CERT b22 MATCH 64A596EC9D810F52
FARM design=b22 dev="NVIDIA H100 80GB HBM3" N=1024 cycles=3000000 block=128 secs=13.5564 agg_inst_cyc_per_s=2.2661e+08 per_inst_cyc_per_s=2.2130e+05 CHK0=ED8104A5B91343C0 AGG=E9540F90C1307B25
FARM design=b22 dev="NVIDIA H100 80GB HBM3" N=1024 cycles=1327792 block=256 secs=10.2076 agg_inst_cyc_per_s=1.3320e+08 per_inst_cyc_per_s=1.3008e+05 CHK0=E265018A795BE919 AGG=0642296032D92325
FARM design=b22 dev="NVIDIA H100 80GB HBM3" N=4096 cycles=195117 block=128 secs=1.0955 agg_inst_cyc_per_s=7.2950e+08 per_inst_cyc_per_s=1.7810e+05 CHK0=0855A0C9E1AEE455 AGG=2EF1A3E707A4E325
FARM design=b22 dev="NVIDIA H100 80GB HBM3" N=4096 cycles=1068603 block=256 secs=8.2136 agg_inst_cyc_per_s=5.3289e+08 per_inst_cyc_per_s=1.3010e+05 CHK0=BB92C94B2DD93A7D AGG=AA00AF58ECB70325
FARM design=b22 dev="NVIDIA H100 80GB HBM3" N=16384 cycles=195150 block=128 secs=1.1219 agg_inst_cyc_per_s=2.8498e+09 per_inst_cyc_per_s=1.7394e+05 CHK0=04384609949D454D AGG=3B89B016C8622325
FARM design=b22 dev="NVIDIA H100 80GB HBM3" N=16384 cycles=1043627 block=256 secs=8.1593 agg_inst_cyc_per_s=2.0956e+09 per_inst_cyc_per_s=1.2791e+05 CHK0=5105C4CA0314E44F AGG=F97AD47037EB2325
FARM design=b22 dev="NVIDIA H100 80GB HBM3" N=65536 cycles=191857 block=128 secs=3.4467 agg_inst_cyc_per_s=3.6480e+09 per_inst_cyc_per_s=5.5664e+04 CHK0=3605C4C9F3344084 AGG=5A7CFCDC0BA62325
FARM design=b22 dev="NVIDIA H100 80GB HBM3" N=65536 cycles=333984 block=256 secs=6.0238 agg_inst_cyc_per_s=3.6336e+09 per_inst_cyc_per_s=5.5444e+04 CHK0=E74AC25A2882E1B4 AGG=0E1A8CBBF0722325
FARM design=b22 dev="NVIDIA H100 80GB HBM3" N=262144 cycles=83166 block=128 secs=5.4638 agg_inst_cyc_per_s=3.9902e+09 per_inst_cyc_per_s=1.5221e+04 CHK0=0DEB2F1BFF540A34 AGG=18D999A5DA122325
FARM design=b22 dev="NVIDIA H100 80GB HBM3" N=262144 cycles=91328 block=256 secs=6.1441 agg_inst_cyc_per_s=3.8966e+09 per_inst_cyc_per_s=1.4864e+04 CHK0=BD8104A5B913497C AGG=0C9980D5FA322325
FARM design=b22 dev="NVIDIA H100 80GB HBM3" N=1048576 cycles=22296 block=128 secs=5.6685 agg_inst_cyc_per_s=4.1244e+09 per_inst_cyc_per_s=3.9333e+03 CHK0=AD0766C3D881C5F6 AGG=528A7CDC98822325
FARM design=b22 dev="NVIDIA H100 80GB HBM3" N=1048576 cycles=23600 block=256 secs=6.2097 agg_inst_cyc_per_s=3.9851e+09 per_inst_cyc_per_s=3.8005e+03 CHK0=AB4193C35775358B AGG=5207B43E01622325
FARM design=b22 dev="NVIDIA H100 80GB HBM3" N=4194304 cycles=5700 block=128 secs=5.7540 agg_inst_cyc_per_s=4.1549e+09 per_inst_cyc_per_s=9.9061e+02 CHK0=596EC9D810E11991 AGG=5985ECCCFCA22325
FARM design=b22 dev="NVIDIA H100 80GB HBM3" N=4194304 cycles=5943 block=256 secs=6.0922 agg_inst_cyc_per_s=4.0916e+09 per_inst_cyc_per_s=9.7552e+02 CHK0=CEB0D4B12269B7E4 AGG=2877FCA946222325
== b17
FARM design=b17 dev="NVIDIA H100 80GB HBM3" N=4096 cycles=1000000 block=128 secs=43.0484 agg_inst_cyc_per_s=9.5149e+07 per_inst_cyc_per_s=2.3230e+04 CHK0=1CDC023B08293B0C AGG=C508981D8390D2E6
CERT b17 MATCH 1CDC023B08293B0C
FARM design=b17 dev="NVIDIA H100 80GB HBM3" N=1024 cycles=557513 block=128 secs=22.5896 agg_inst_cyc_per_s=2.5272e+07 per_inst_cyc_per_s=2.4680e+04 CHK0=9BC529B4E84F92C9 AGG=5348DEC39E235B46
FARM design=b17 dev="NVIDIA H100 80GB HBM3" N=1024 cycles=148078 block=256 secs=6.2920 agg_inst_cyc_per_s=2.4099e+07 per_inst_cyc_per_s=2.3534e+04 CHK0=668BA3F4480CD27F AGG=D1DC4A9DD1C3AD8A
FARM design=b17 dev="NVIDIA H100 80GB HBM3" N=4096 cycles=35301 block=128 secs=1.5220 agg_inst_cyc_per_s=9.5004e+07 per_inst_cyc_per_s=2.3194e+04 CHK0=8E004C339AF915F7 AGG=0C55749E145E6AA1
FARM design=b17 dev="NVIDIA H100 80GB HBM3" N=4096 cycles=139166 block=256 secs=6.3430 agg_inst_cyc_per_s=8.9866e+07 per_inst_cyc_per_s=2.1940e+04 CHK0=7B97622B886CD101 AGG=95210951962376E9
FARM design=b17 dev="NVIDIA H100 80GB HBM3" N=16384 cycles=32909 block=128 secs=3.2017 agg_inst_cyc_per_s=1.6841e+08 per_inst_cyc_per_s=1.0279e+04 CHK0=4B84EAB7BD7F11B2 AGG=CD3BD21B8C7ADE0E
FARM design=b17 dev="NVIDIA H100 80GB HBM3" N=16384 cycles=61673 block=256 secs=5.7556 agg_inst_cyc_per_s=1.7556e+08 per_inst_cyc_per_s=1.0715e+04 CHK0=99447749D495DAC6 AGG=68EBAF7E2CDF8368
FARM design=b17 dev="NVIDIA H100 80GB HBM3" N=65536 cycles=16072 block=128 secs=3.9747 agg_inst_cyc_per_s=2.6500e+08 per_inst_cyc_per_s=4.0436e+03 CHK0=E571F056C8BB99B9 AGG=B2836AF8C4DC3BCD
FARM design=b17 dev="NVIDIA H100 80GB HBM3" N=65536 cycles=24261 block=256 secs=6.0182 agg_inst_cyc_per_s=2.6420e+08 per_inst_cyc_per_s=4.0313e+03 CHK0=8FA3F114DCE1D858 AGG=95AA6C787E559875
FARM design=b17 dev="NVIDIA H100 80GB HBM3" N=262144 cycles=6047 block=128 secs=6.0007 agg_inst_cyc_per_s=2.6416e+08 per_inst_cyc_per_s=1.0077e+03 CHK0=875E544B2C4C1F1F AGG=C63C5648F02E446E
FARM design=b17 dev="NVIDIA H100 80GB HBM3" N=262144 cycles=6046 block=256 secs=6.0005 agg_inst_cyc_per_s=2.6413e+08 per_inst_cyc_per_s=1.0076e+03 CHK0=98875E544B2C4C1E AGG=0CC402C8BBB80F96
FARM design=b17 dev="NVIDIA H100 80GB HBM3" N=1048576 cycles=1511 block=128 secs=5.9546 agg_inst_cyc_per_s=2.6608e+08 per_inst_cyc_per_s=2.5375e+02 CHK0=E27EC876A7C43838 AGG=CE9920651E91C37A
FARM design=b17 dev="NVIDIA H100 80GB HBM3" N=1048576 cycles=1522 block=256 secs=5.9929 agg_inst_cyc_per_s=2.6630e+08 per_inst_cyc_per_s=2.5397e+02 CHK0=11C0A35F5FE27EC8 AGG=F4895AC2727FF120
FARM design=b17 dev="NVIDIA H100 80GB HBM3" N=4194304 cycles=1000 block=128 secs=15.6395 agg_inst_cyc_per_s=2.6819e+08 per_inst_cyc_per_s=6.3941e+01 CHK0=652DD3A9C8A69A84 AGG=FA7E7B30B6B4AD1E
FARM design=b17 dev="NVIDIA H100 80GB HBM3" N=4194304 cycles=1000 block=256 secs=15.6316 agg_inst_cyc_per_s=2.6832e+08 per_inst_cyc_per_s=6.3973e+01 CHK0=652DD3A9C8A69A84 AGG=FA7E7B30B6B4AD1E
SWEEP-END 2026-09-14T22:18:53Z
15:18:53 RUN-EXIT=0
./vast_bench.sh: line 21: TAG: unbound variable
15:18:53 destroying 51058377
destroying instance 51058377.
15:19:00 destroyed 51058377
